\BOOKMARK [1][-]{Doc-Start}{\376\377\000A\000b\000s\000t\000r\000a\000c\000t}{}% 1
\BOOKMARK [1][-]{section.1}{\376\377\000I\000n\000t\000r\000o\000d\000u\000c\000t\000i\000o\000n}{}% 2
\BOOKMARK [2][-]{subsection.2}{\376\377\000B\000a\000c\000k\000g\000r\000o\000u\000n\000d\000\040\000a\000n\000d\000\040\000m\000o\000t\000i\000v\000a\000t\000i\000o\000n}{section.1}% 3
\BOOKMARK [2][-]{subsection.3}{\376\377\000P\000r\000o\000b\000l\000e\000m\000\040\000s\000t\000a\000t\000e\000m\000e\000n\000t}{section.1}% 4
\BOOKMARK [2][-]{subsection.4}{\376\377\000R\000e\000s\000e\000a\000r\000c\000h\000\040\000q\000u\000e\000s\000t\000i\000o\000n\000s}{section.1}% 5
\BOOKMARK [2][-]{subsection.5}{\376\377\000C\000o\000n\000t\000r\000i\000b\000u\000t\000i\000o\000n\000\040\000a\000n\000d\000\040\000r\000e\000p\000o\000r\000t\000\040\000s\000t\000r\000u\000c\000t\000u\000r\000e}{section.1}% 6
\BOOKMARK [2][-]{subsection.7}{\376\377\000O\000r\000i\000g\000i\000n\000a\000l\000\040\000m\000o\000t\000i\000v\000a\000t\000i\000o\000n\000\040\000a\000n\000d\000\040\000i\000n\000t\000e\000n\000d\000e\000d\000\040\000u\000s\000e\000r\000s}{section.1}% 7
\BOOKMARK [2][-]{subsection.8}{\376\377\000P\000r\000o\000j\000e\000c\000t\000\040\000e\000v\000o\000l\000u\000t\000i\000o\000n\000\040\000a\000c\000r\000o\000s\000s\000\040\000p\000r\000e\000v\000i\000o\000u\000s\000\040\000s\000u\000b\000m\000i\000s\000s\000i\000o\000n\000s}{section.1}% 8
\BOOKMARK [1][-]{section.9}{\376\377\000R\000e\000v\000i\000e\000w\000\040\000o\000f\000\040\000E\000x\000i\000s\000t\000i\000n\000g\000\040\000K\000n\000o\000w\000l\000e\000d\000g\000e}{}% 9
\BOOKMARK [2][-]{subsection.10}{\376\377\000C\000o\000n\000t\000e\000n\000t\000-\000b\000a\000s\000e\000d\000\040\000a\000n\000d\000\040\000c\000o\000l\000l\000a\000b\000o\000r\000a\000t\000i\000v\000e\000\040\000r\000e\000c\000o\000m\000m\000e\000n\000d\000a\000t\000i\000o\000n}{section.9}% 10
\BOOKMARK [2][-]{subsection.11}{\376\377\000H\000y\000b\000r\000i\000d\000\040\000a\000p\000p\000r\000o\000a\000c\000h\000e\000s}{section.9}% 11
\BOOKMARK [2][-]{subsection.12}{\376\377\000S\000e\000m\000a\000n\000t\000i\000c\000\040\000r\000e\000p\000r\000e\000s\000e\000n\000t\000a\000t\000i\000o\000n\000s}{section.9}% 12
\BOOKMARK [2][-]{subsection.13}{\376\377\000P\000r\000i\000v\000a\000c\000y\000\040\000a\000n\000d\000\040\000e\000v\000a\000l\000u\000a\000t\000i\000o\000n\000\040\000g\000a\000p\000s}{section.9}% 13
\BOOKMARK [2][-]{subsection.14}{\376\377\000I\000m\000p\000l\000i\000c\000a\000t\000i\000o\000n\000s\000\040\000f\000o\000r\000\040\000t\000h\000i\000s\000\040\000p\000r\000o\000j\000e\000c\000t}{section.9}% 14
\BOOKMARK [2][-]{subsection.15}{\376\377\000T\000r\000a\000u\000m\000a\000-\000i\000n\000f\000o\000r\000m\000e\000d\000\040\000p\000r\000i\000n\000c\000i\000p\000l\000e\000s\000\040\000a\000s\000\040\000d\000e\000s\000i\000g\000n\000\040\000r\000e\000q\000u\000i\000r\000e\000m\000e\000n\000t\000s}{section.9}% 15
\BOOKMARK [2][-]{subsection.16}{\376\377\000D\000i\000g\000i\000t\000a\000l\000\040\000m\000e\000n\000t\000a\000l\000\040\000h\000e\000a\000l\000t\000h\000\040\000e\000v\000i\000d\000e\000n\000c\000e\000\040\000a\000n\000d\000\040\000i\000t\000s\000\040\000l\000i\000m\000i\000t\000s}{section.9}% 16
\BOOKMARK [2][-]{subsection.17}{\376\377\000R\000e\000l\000a\000t\000e\000d\000\040\000r\000e\000c\000o\000m\000m\000e\000n\000d\000e\000r\000\040\000p\000l\000a\000t\000f\000o\000r\000m\000s\000\040\000a\000n\000d\000\040\000c\000o\000r\000r\000e\000c\000t\000e\000d\000\040\000s\000o\000u\000r\000c\000e\000s}{section.9}% 17
\BOOKMARK [1][-]{section.18}{\376\377\000A\000i\000m\000s\000,\000\040\000O\000b\000j\000e\000c\000t\000i\000v\000e\000s\000,\000\040\000a\000n\000d\000\040\000S\000c\000o\000p\000e}{}% 18
\BOOKMARK [2][-]{subsection.19}{\376\377\000P\000r\000o\000j\000e\000c\000t\000\040\000a\000i\000m}{section.18}% 19
\BOOKMARK [2][-]{subsection.20}{\376\377\000O\000b\000j\000e\000c\000t\000i\000v\000e\000s\000\040\000a\000n\000d\000\040\000a\000c\000c\000e\000p\000t\000a\000n\000c\000e\000\040\000c\000r\000i\000t\000e\000r\000i\000a}{section.18}% 20
\BOOKMARK [2][-]{subsection.21}{\376\377\000F\000u\000n\000c\000t\000i\000o\000n\000a\000l\000\040\000a\000n\000d\000\040\000n\000o\000n\000-\000f\000u\000n\000c\000t\000i\000o\000n\000a\000l\000\040\000r\000e\000q\000u\000i\000r\000e\000m\000e\000n\000t\000s}{section.18}% 21
\BOOKMARK [2][-]{subsection.22}{\376\377\000S\000c\000o\000p\000e\000\040\000b\000o\000u\000n\000d\000a\000r\000i\000e\000s}{section.18}% 22
\BOOKMARK [2][-]{subsection.23}{\376\377\000R\000e\000q\000u\000i\000r\000e\000m\000e\000n\000t\000s\000\040\000a\000n\000d\000\040\000i\000m\000p\000l\000e\000m\000e\000n\000t\000a\000t\000i\000o\000n\000\040\000t\000r\000a\000c\000e\000a\000b\000i\000l\000i\000t\000y}{section.18}% 23
\BOOKMARK [2][-]{subsection.25}{\376\377\000R\000e\000c\000o\000n\000c\000i\000l\000i\000a\000t\000i\000o\000n\000\040\000o\000f\000\040\000o\000r\000i\000g\000i\000n\000a\000l\000\040\000o\000b\000j\000e\000c\000t\000i\000v\000e\000s}{section.18}% 24
\BOOKMARK [1][-]{section.26}{\376\377\000P\000r\000o\000j\000e\000c\000t\000\040\000D\000e\000s\000i\000g\000n\000\040\000a\000n\000d\000\040\000M\000e\000t\000h\000o\000d\000o\000l\000o\000g\000y}{}% 25
\BOOKMARK [2][-]{subsection.27}{\376\377\000D\000e\000v\000e\000l\000o\000p\000m\000e\000n\000t\000\040\000a\000p\000p\000r\000o\000a\000c\000h}{section.26}% 26
\BOOKMARK [2][-]{subsection.29}{\376\377\000T\000e\000c\000h\000n\000o\000l\000o\000g\000y\000\040\000s\000e\000l\000e\000c\000t\000i\000o\000n}{section.26}% 27
\BOOKMARK [2][-]{subsection.30}{\376\377\000E\000v\000i\000d\000e\000n\000c\000e\000\040\000a\000n\000d\000\040\000e\000v\000a\000l\000u\000a\000t\000i\000o\000n\000\040\000s\000t\000r\000a\000t\000e\000g\000y}{section.26}% 28
\BOOKMARK [2][-]{subsection.31}{\376\377\000E\000t\000h\000i\000c\000a\000l\000\040\000a\000n\000d\000\040\000m\000e\000t\000h\000o\000d\000o\000l\000o\000g\000i\000c\000a\000l\000\040\000c\000o\000n\000t\000r\000o\000l\000s}{section.26}% 29
\BOOKMARK [2][-]{subsection.32}{\376\377\000D\000e\000s\000i\000g\000n\000\040\000S\000c\000i\000e\000n\000c\000e\000\040\000R\000e\000s\000e\000a\000r\000c\000h\000\040\000f\000r\000a\000m\000i\000n\000g}{section.26}% 30
\BOOKMARK [2][-]{subsection.33}{\376\377\000U\000s\000e\000r\000-\000c\000e\000n\000t\000r\000e\000d\000\040\000d\000e\000s\000i\000g\000n\000\040\000a\000c\000t\000i\000v\000i\000t\000i\000e\000s\000\040\000a\000n\000d\000\040\000b\000o\000u\000n\000d\000a\000r\000i\000e\000s}{section.26}% 31
\BOOKMARK [2][-]{subsection.34}{\376\377\000F\000e\000a\000s\000i\000b\000i\000l\000i\000t\000y\000\040\000a\000n\000d\000\040\000r\000e\000s\000o\000u\000r\000c\000e\000\040\000c\000o\000n\000s\000t\000r\000a\000i\000n\000t\000s}{section.26}% 32
\BOOKMARK [2][-]{subsection.35}{\376\377\000R\000i\000s\000k\000\040\000m\000a\000n\000a\000g\000e\000m\000e\000n\000t\000\040\000a\000n\000d\000\040\000e\000t\000h\000i\000c\000a\000l\000\040\000f\000e\000a\000s\000i\000b\000i\000l\000i\000t\000y}{section.26}% 33
\BOOKMARK [1][-]{section.37}{\376\377\000A\000r\000t\000e\000f\000a\000c\000t\000\040\000D\000e\000s\000i\000g\000n}{}% 34
\BOOKMARK [2][-]{subsection.38}{\376\377\000S\000y\000s\000t\000e\000m\000\040\000a\000r\000c\000h\000i\000t\000e\000c\000t\000u\000r\000e}{section.37}% 35
\BOOKMARK [2][-]{subsection.40}{\376\377\000U\000s\000e\000r\000\040\000j\000o\000u\000r\000n\000e\000y\000\040\000a\000n\000d\000\040\000i\000n\000t\000e\000r\000f\000a\000c\000e\000\040\000d\000e\000s\000i\000g\000n}{section.37}% 36
\BOOKMARK [2][-]{subsection.42}{\376\377\000D\000a\000t\000a\000\040\000m\000o\000d\000e\000l\000\040\000a\000n\000d\000\040\000o\000w\000n\000e\000r\000s\000h\000i\000p}{section.37}% 37
\BOOKMARK [2][-]{subsection.44}{\376\377\000R\000e\000c\000o\000m\000m\000e\000n\000d\000a\000t\000i\000o\000n\000\040\000p\000i\000p\000e\000l\000i\000n\000e}{section.37}% 38
\BOOKMARK [2][-]{subsection.46}{\376\377\000P\000r\000i\000v\000a\000c\000y\000\040\000d\000e\000s\000i\000g\000n}{section.37}% 39
\BOOKMARK [2][-]{subsection.47}{\376\377\000R\000e\000l\000a\000t\000i\000o\000n\000a\000l\000\040\000m\000o\000d\000e\000l\000l\000i\000n\000g\000\040\000a\000n\000d\000\040\000c\000o\000n\000s\000i\000s\000t\000e\000n\000c\000y}{section.37}% 40
\BOOKMARK [2][-]{subsection.48}{\376\377\000A\000P\000I\000\040\000c\000o\000n\000t\000r\000a\000c\000t\000s\000\040\000a\000n\000d\000\040\000s\000e\000q\000u\000e\000n\000c\000e\000\040\000d\000e\000s\000i\000g\000n}{section.37}% 41
\BOOKMARK [2][-]{subsection.50}{\376\377\000M\000e\000d\000i\000a\000\040\000a\000n\000d\000\040\000p\000u\000b\000l\000i\000c\000a\000t\000i\000o\000n\000\040\000l\000i\000f\000e\000c\000y\000c\000l\000e}{section.37}% 42
\BOOKMARK [1][-]{section.51}{\376\377\000I\000m\000p\000l\000e\000m\000e\000n\000t\000a\000t\000i\000o\000n}{}% 43
\BOOKMARK [2][-]{subsection.52}{\376\377\000M\000o\000b\000i\000l\000e\000\040\000a\000p\000p\000l\000i\000c\000a\000t\000i\000o\000n\000\040\000a\000n\000d\000\040\000s\000t\000a\000t\000e\000\040\000m\000a\000n\000a\000g\000e\000m\000e\000n\000t}{section.51}% 44
\BOOKMARK [2][-]{subsection.54}{\376\377\000A\000u\000t\000h\000e\000n\000t\000i\000c\000a\000t\000i\000o\000n\000\040\000a\000n\000d\000\040\000p\000e\000r\000s\000i\000s\000t\000e\000n\000c\000e}{section.51}% 45
\BOOKMARK [2][-]{subsection.55}{\376\377\000F\000i\000v\000e\000-\000s\000t\000a\000g\000e\000\040\000h\000y\000b\000r\000i\000d\000\040\000r\000e\000c\000o\000m\000m\000e\000n\000d\000a\000t\000i\000o\000n\000\040\000e\000n\000g\000i\000n\000e}{section.51}% 46
\BOOKMARK [2][-]{subsection.82}{\376\377\000E\000n\000c\000r\000y\000p\000t\000e\000d\000\040\000j\000o\000u\000r\000n\000a\000l\000i\000n\000g}{section.51}% 47
\BOOKMARK [2][-]{subsection.84}{\376\377\000C\000o\000n\000t\000e\000n\000t\000\040\000a\000d\000m\000i\000n\000i\000s\000t\000r\000a\000t\000i\000o\000n\000\040\000a\000n\000d\000\040\000d\000e\000p\000l\000o\000y\000m\000e\000n\000t}{section.51}% 48
\BOOKMARK [2][-]{subsection.86}{\376\377\000S\000c\000r\000e\000e\000n\000-\000b\000y\000-\000s\000c\000r\000e\000e\000n\000\040\000i\000m\000p\000l\000e\000m\000e\000n\000t\000a\000t\000i\000o\000n}{section.51}% 49
\BOOKMARK [2][-]{subsection.89}{\376\377\000C\000u\000r\000r\000i\000c\000u\000l\000u\000m\000\040\000a\000n\000d\000\040\000a\000u\000d\000i\000o\000\040\000i\000m\000p\000l\000e\000m\000e\000n\000t\000a\000t\000i\000o\000n}{section.51}% 50
\BOOKMARK [2][-]{subsection.90}{\376\377\000A\000u\000t\000h\000e\000n\000t\000i\000c\000a\000t\000i\000o\000n\000,\000\040\000p\000r\000o\000v\000i\000d\000e\000r\000\040\000c\000o\000n\000f\000i\000g\000u\000r\000a\000t\000i\000o\000n\000,\000\040\000a\000n\000d\000\040\000r\000e\000m\000i\000n\000d\000e\000r\000s}{section.51}% 51
\BOOKMARK [2][-]{subsection.91}{\376\377\000J\000o\000u\000r\000n\000a\000l\000\040\000m\000e\000d\000i\000a\000\040\000a\000n\000d\000\040\000a\000t\000o\000m\000i\000c\000i\000t\000y}{section.51}% 52
\BOOKMARK [2][-]{subsection.92}{\376\377\000D\000e\000p\000l\000o\000y\000m\000e\000n\000t\000\040\000e\000v\000o\000l\000u\000t\000i\000o\000n\000\040\000a\000n\000d\000\040\000r\000e\000l\000e\000a\000s\000e\000\040\000s\000t\000a\000t\000u\000s}{section.51}% 53
\BOOKMARK [1][-]{section.94}{\376\377\000V\000a\000l\000i\000d\000a\000t\000i\000o\000n\000\040\000a\000n\000d\000\040\000T\000e\000s\000t\000i\000n\000g}{}% 54
\BOOKMARK [2][-]{subsection.95}{\376\377\000T\000e\000s\000t\000\040\000s\000t\000r\000a\000t\000e\000g\000y\000\040\000a\000n\000d\000\040\000e\000v\000i\000d\000e\000n\000c\000e\000\040\000b\000o\000u\000n\000d\000a\000r\000i\000e\000s}{section.94}% 55
\BOOKMARK [2][-]{subsection.96}{\376\377\000J\000o\000u\000r\000n\000a\000l\000-\000f\000r\000e\000e\000\040\000r\000a\000n\000k\000i\000n\000g\000\040\000b\000e\000n\000c\000h\000m\000a\000r\000k}{section.94}% 56
\BOOKMARK [2][-]{subsection.99}{\376\377\000C\000o\000m\000f\000o\000r\000t\000\040\000r\000e\000s\000t\000r\000i\000c\000t\000i\000o\000n\000s\000\040\000a\000n\000d\000\040\000u\000n\000r\000e\000s\000o\000l\000v\000e\000d\000\040\000c\000a\000s\000e\000s}{section.94}% 57
\BOOKMARK [2][-]{subsection.101}{\376\377\000D\000o\000c\000u\000m\000e\000n\000t\000e\000d\000\040\000f\000u\000n\000c\000t\000i\000o\000n\000a\000l\000\040\000c\000h\000e\000c\000k\000s}{section.94}% 58
\BOOKMARK [2][-]{subsection.102}{\376\377\000M\000e\000t\000r\000i\000c\000s\000,\000\040\000t\000i\000m\000i\000n\000g\000,\000\040\000a\000n\000d\000\040\000u\000n\000c\000e\000r\000t\000a\000i\000n\000t\000y}{section.94}% 59
\BOOKMARK [2][-]{subsection.103}{\376\377\000V\000e\000r\000i\000f\000i\000c\000a\000t\000i\000o\000n\000\040\000m\000a\000t\000r\000i\000x\000\040\000a\000n\000d\000\040\000r\000e\000g\000r\000e\000s\000s\000i\000o\000n\000\040\000p\000r\000i\000o\000r\000i\000t\000i\000e\000s}{section.94}% 60
\BOOKMARK [2][-]{subsection.105}{\376\377\000P\000l\000a\000n\000n\000e\000d\000\040\000u\000s\000e\000r\000\040\000a\000c\000c\000e\000p\000t\000a\000n\000c\000e\000\040\000e\000v\000a\000l\000u\000a\000t\000i\000o\000n}{section.94}% 61
\BOOKMARK [1][-]{section.106}{\376\377\000C\000r\000i\000t\000i\000c\000a\000l\000\040\000E\000v\000a\000l\000u\000a\000t\000i\000o\000n\000,\000\040\000C\000o\000n\000c\000l\000u\000s\000i\000o\000n\000,\000\040\000a\000n\000d\000\040\000F\000u\000t\000u\000r\000e\000\040\000W\000o\000r\000k}{}% 62
\BOOKMARK [2][-]{subsection.107}{\376\377\000E\000v\000a\000l\000u\000a\000t\000i\000o\000n\000\040\000a\000g\000a\000i\000n\000s\000t\000\040\000o\000b\000j\000e\000c\000t\000i\000v\000e\000s}{section.106}% 63
\BOOKMARK [2][-]{subsection.108}{\376\377\000T\000h\000r\000e\000a\000t\000s\000\040\000t\000o\000\040\000v\000a\000l\000i\000d\000i\000t\000y}{section.106}% 64
\BOOKMARK [2][-]{subsection.109}{\376\377\000U\000s\000a\000b\000i\000l\000i\000t\000y\000,\000\040\000m\000a\000i\000n\000t\000e\000n\000a\000n\000c\000e\000,\000\040\000a\000n\000d\000\040\000p\000r\000a\000c\000t\000i\000c\000a\000l\000\040\000i\000m\000p\000a\000c\000t}{section.106}% 65
\BOOKMARK [2][-]{subsection.110}{\376\377\000C\000o\000m\000p\000a\000r\000i\000s\000o\000n\000\040\000w\000i\000t\000h\000\040\000t\000h\000e\000\040\000r\000e\000v\000i\000e\000w\000e\000d\000\040\000k\000n\000o\000w\000l\000e\000d\000g\000e\000\040\000b\000a\000s\000e}{section.106}% 66
\BOOKMARK [2][-]{subsection.111}{\376\377\000A\000n\000s\000w\000e\000r\000s\000\040\000t\000o\000\040\000r\000e\000s\000e\000a\000r\000c\000h\000\040\000q\000u\000e\000s\000t\000i\000o\000n\000s}{section.106}% 67
\BOOKMARK [2][-]{subsection.112}{\376\377\000F\000u\000t\000u\000r\000e\000\040\000r\000e\000s\000e\000a\000r\000c\000h\000\040\000a\000n\000d\000\040\000p\000r\000i\000v\000a\000c\000y\000\040\000w\000o\000r\000k}{section.106}% 68
\BOOKMARK [2][-]{subsection.113}{\376\377\000R\000e\000f\000l\000e\000c\000t\000i\000o\000n\000\040\000o\000n\000\040\000d\000e\000v\000e\000l\000o\000p\000m\000e\000n\000t\000\040\000d\000e\000c\000i\000s\000i\000o\000n\000s}{section.106}% 69
\BOOKMARK [2][-]{subsection.114}{\376\377\000P\000r\000a\000c\000t\000i\000c\000a\000l\000\040\000i\000m\000p\000a\000c\000t\000\040\000a\000n\000d\000\040\000c\000o\000m\000m\000e\000r\000c\000i\000a\000l\000\040\000s\000c\000o\000p\000e}{section.106}% 70
\BOOKMARK [2][-]{subsection.115}{\376\377\000P\000r\000i\000o\000r\000i\000t\000i\000s\000e\000d\000\040\000c\000o\000m\000p\000l\000e\000t\000i\000o\000n\000\040\000r\000o\000a\000d\000m\000a\000p}{section.106}% 71
\BOOKMARK [2][-]{subsection.116}{\376\377\000C\000o\000n\000c\000l\000u\000s\000i\000o\000n}{section.106}% 72
\BOOKMARK [1][-]{section*.117}{\376\377\000R\000e\000f\000e\000r\000e\000n\000c\000e\000s}{}% 73
\BOOKMARK [1][-]{appendix.118}{\376\377\000P\000r\000i\000o\000r\000-\000r\000e\000p\000o\000r\000t\000\040\000t\000r\000a\000c\000e\000a\000b\000i\000l\000i\000t\000y}{}% 74
\BOOKMARK [1][-]{appendix.120}{\376\377\000R\000e\000p\000r\000o\000d\000u\000c\000t\000i\000o\000n\000\040\000a\000n\000d\000\040\000e\000v\000i\000d\000e\000n\000c\000e\000\040\000c\000h\000e\000c\000k\000l\000i\000s\000t}{}% 75
\BOOKMARK [1][-]{appendix.121}{\376\377\000P\000r\000o\000p\000o\000s\000e\000d\000\040\000f\000o\000r\000m\000a\000t\000i\000v\000e\000\040\000u\000s\000e\000r\000-\000s\000t\000u\000d\000y\000\040\000p\000r\000o\000t\000o\000c\000o\000l}{}% 76
\BOOKMARK [1][-]{appendix.122}{\376\377\000C\000u\000r\000r\000e\000n\000t\000\040\000r\000e\000c\000o\000m\000m\000e\000n\000d\000a\000t\000i\000o\000n\000\040\000i\000m\000p\000l\000e\000m\000e\000n\000t\000a\000t\000i\000o\000n\000\040\000e\000v\000i\000d\000e\000n\000c\000e}{}% 77
